[dotenv@17.2.3] injecting env (7) from .env -- tip: 🛠️  run anywhere with `dotenvx run -- yourcommand`
--- Starting Database Connection Tests ---
🔄 Testing From .env: postgresql://username:****@localhost:5432/bus_tracking_db
❌ From .env: Failed - password authentication failed for user "username"
🔄 Testing Hardcoded in db.js: postgresql://app_user:****@localhost:5432/bus_tracking
✅ Hardcoded in db.js: Success! Connected to bus_tracking at Sun Feb 01 2026 21:07:03 GMT+0530 (India Standard Time)
🔄 Testing Common Default: postgresql://postgres:****@localhost:5432/bus_tracking_db
❌ Common Default: Failed - password authentication failed for user "postgres"
--- Tests Completed ---
